     1 00000000                                 [FORMAT "WCOFF"]
     2 00000000                                 [INSTRSET "i486p"]
     3 00000000                                 [OPTIMIZE 1]
     4 00000000                                 [OPTION 1]
     5 00000000                                 [BITS 32]
     6 00000000                                 	EXTERN	_api_putstr1
     7 00000000                                 	EXTERN	_api_end
     8 00000000                                 [FILE "time.c"]
     9                                          [SECTION .data]
    10 00000000                                 LC0:
    11 00000000 4E 65 78 74 20 54 69 6D 65 2E   	DB	"Next Time...",0x00
       0000000A 2E 2E 00 
    12                                          [SECTION .text]
    13 00000000                                 	GLOBAL	_HariMain
    14 00000000                                 _HariMain:
    15 00000000 55                              	PUSH	EBP
    16 00000001 89 E5                           	MOV	EBP,ESP
    17 00000003 6A 0D                           	PUSH	13
    18 00000005 68 [00000000]                   	PUSH	LC0
    19 0000000A E8 [00000000]                   	CALL	_api_putstr1
    20 0000000F 58                              	POP	EAX
    21 00000010 5A                              	POP	EDX
    22 00000011 C9                              	LEAVE
    23 00000012 E9 [00000000]                   	JMP	_api_end
